BL51 BANKED LINKER/LOCATER V6.22                                                        04/28/2015  20:32:04  PAGE 1


BL51 BANKED LINKER/LOCATER V6.22, INVOKED BY:
D:\PROGRAM FILES (X86)\KEIL\C51\BIN\BL51.EXE STARTUP.obj, test.obj TO test


INPUT MODULES INCLUDED:
  STARTUP.obj (?C_STARTUP)
  test.obj (TEST)


LINK MAP OF MODULE:  test (?C_STARTUP)


            TYPE    BASE      LENGTH    RELOCATION   SEGMENT NAME
            -----------------------------------------------------

            * * * * * * *   D A T A   M E M O R Y   * * * * * * *
            REG     0000H     0008H     ABSOLUTE     "REG BANK 0"
            IDATA   0008H     0001H     UNIT         ?STACK

            * * * * * * *   C O D E   M E M O R Y   * * * * * * *
            CODE    0000H     0003H     ABSOLUTE     
* OVERLAP * CODE    0000H     1043H     ABSOLUTE     
            CODE    1043H     000CH     UNIT         ?C_C51STARTUP



UNRESOLVED EXTERNAL SYMBOLS:
   ?C_START



SYMBOL TABLE OF MODULE:  test (?C_STARTUP)

  VALUE           TYPE          NAME
  ----------------------------------

  -------         MODULE        ?C_STARTUP
  C:1043H         SEGMENT       ?C_C51STARTUP
  I:0008H         SEGMENT       ?STACK
  C:0000H         PUBLIC        ?C_STARTUP
  D:00E0H         SYMBOL        ACC
  D:00F0H         SYMBOL        B
  D:0083H         SYMBOL        DPH
  D:0082H         SYMBOL        DPL
  N:0000H         SYMBOL        IBPSTACK
  N:0100H         SYMBOL        IBPSTACKTOP
  N:0080H         SYMBOL        IDATALEN
  C:1046H         SYMBOL        IDATALOOP
  N:0000H         SYMBOL        PBPSTACK
  N:0100H         SYMBOL        PBPSTACKTOP
  N:0000H         SYMBOL        PDATALEN
  N:0000H         SYMBOL        PDATASTART
  N:0000H         SYMBOL        PPAGE
  N:0000H         SYMBOL        PPAGEENABLE
  D:00A0H         SYMBOL        PPAGE_SFR
  D:0081H         SYMBOL        SP
  C:1043H         SYMBOL        STARTUP1
  N:0000H         SYMBOL        XBPSTACK
BL51 BANKED LINKER/LOCATER V6.22                                                      04/28/2015  20:32:04  PAGE 2


  N:0000H         SYMBOL        XBPSTACKTOP
  N:0000H         SYMBOL        XDATALEN
  N:0000H         SYMBOL        XDATASTART
  C:0000H         LINE#         126
  C:1043H         LINE#         133
  C:1045H         LINE#         134
  C:1046H         LINE#         135
  C:1047H         LINE#         136
  C:1049H         LINE#         185
  C:104CH         LINE#         196
  -------         ENDMOD        ?C_STARTUP

  -------         MODULE        TEST
  C:1016H         SYMBOL        DELAYMS
  C:101BH         SYMBOL        DELAYMSCIRCLE1
  C:1020H         SYMBOL        DELAYMSCIRCLE2
  B:00A8H.7       SYMBOL        EA
  B:00A8H.0       SYMBOL        EX0
  C:103AH         SYMBOL        INITIALISEINT0
  C:1031H         SYMBOL        INT0PROCESSER
  B:0088H.0       SYMBOL        IT0
  C:1000H         SYMBOL        MAIN
  C:1009H         SYMBOL        MAINFUNCTION
  D:0090H         SYMBOL        P1
  B:00B8H.0       SYMBOL        PX0
  C:1034H         SYMBOL        SETR500H
  C:1037H         SYMBOL        SETR501H
  D:0081H         SYMBOL        SP
  C:0000H         LINE#         2
  C:0003H         LINE#         4
  C:1000H         LINE#         7
  C:1003H         LINE#         8
  C:1005H         LINE#         9
  C:1007H         LINE#         10
  C:1009H         LINE#         12
  C:100CH         LINE#         13
  C:100EH         LINE#         14
  C:100FH         LINE#         15
  C:1012H         LINE#         16
  C:1014H         LINE#         17
  C:1016H         LINE#         19
  C:1018H         LINE#         20
  C:101BH         LINE#         22
  C:101DH         LINE#         23
  C:1020H         LINE#         25
  C:1023H         LINE#         26
  C:1025H         LINE#         27
  C:1028H         LINE#         28
  C:102AH         LINE#         29
  C:102BH         LINE#         30
  C:102CH         LINE#         31
  C:102DH         LINE#         32
  C:1030H         LINE#         33
  C:1031H         LINE#         35
  C:1034H         LINE#         37
  C:1036H         LINE#         38
  C:1037H         LINE#         40
BL51 BANKED LINKER/LOCATER V6.22                                                      04/28/2015  20:32:04  PAGE 3


  C:1039H         LINE#         41
  C:103AH         LINE#         43
  C:103CH         LINE#         44
  C:103EH         LINE#         45
  C:1040H         LINE#         46
  C:1042H         LINE#         47
  -------         ENDMOD        TEST

*** WARNING L5: CODE SPACE MEMORY OVERLAP
    FROM:    0000H
    TO:      0002H

*** WARNING L1: UNRESOLVED EXTERNAL SYMBOL
    SYMBOL:  ?C_START
    MODULE:  STARTUP.obj (?C_STARTUP)

*** WARNING L2: REFERENCE MADE TO UNRESOLVED EXTERNAL
    SYMBOL:  ?C_START
    MODULE:  STARTUP.obj (?C_STARTUP)
    ADDRESS: 104DH

******************************************************************************
* RESTRICTED VERSION WITH 0800H BYTE CODE SIZE LIMIT; USED: 0058H BYTE ( 4%) *
******************************************************************************

Program Size: data=9.0 xdata=0 code=4178
LINK/LOCATE RUN COMPLETE.  3 WARNING(S),  0 ERROR(S)
